Load Map - Fri Nov 16 21:17:35 EST 2012

Main class:       TurnUsingIR
Classes:          59
Interfaces:       6
Methods:          147
Constants:        80
Instance fields:  96
Static fields:    24
Static data size: 112
Code size:        7760
Start address:    8000
End address:      9e4f

80ee 80ef java.lang.Object.<init>()
80f4 8107 java.lang.Object.getClass()
8111 8125 java.lang.Object.clone()
812f 8153 java.lang.Object.toString()
823a 824b java.lang.Thread.run()
8250 8256 java.lang.Thread.setName(java.lang.String)
825a 8285 java.lang.Thread.sleep(long)
8289 828e java.lang.Thread.<clinit>()
829c 82a2 java.lang.Thread.<init>()
82ab 82c3 java.lang.Thread.<init>(java.lang.Runnable)
82c7 82e6 java.lang.Thread.<init>(java.lang.Runnable, java.lang.String)
82f0 8320 java.lang.Thread.toString()
8325 832a java.lang.Thread.getName()
8384 83c3 com.ridgesoft.intellibrain.StartupThread.run()
840f 8419 java.lang.String.createString(byte[])
841d 842c java.lang.String.<init>(byte[], int)
8431 843c java.lang.String.getBytes()
8440 8451 java.lang.String.<init>()
8455 846a java.lang.String.<init>(byte[])
846f 8475 java.lang.String.length()
847a 849c java.lang.String.getBytes(int, int, byte[], int)
84a0 84d0 java.lang.String.<init>(char[], int, int)
84d4 84fe java.lang.String.<init>(byte[], int, int)
8502 8507 java.lang.String.valueOf(java.lang.Object)
850c 850e java.lang.String.toString()
85a2 86a0 java.lang.Throwable.vmThrow(int)
86ac 86d1 java.lang.Throwable.<init>()
86de 8783 java.lang.Throwable.printStackTrace()
8787 87ae java.lang.Throwable.<clinit>()
87b7 87bf java.lang.Throwable.init()
87cb 880d java.lang.Throwable.<init>(java.lang.String)
88b3 88bd java.lang.InternalError.<init>()
88c1 88cc java.lang.InternalError.<init>(java.lang.String)
88fb 8905 java.lang.OutOfMemoryError.<init>()
8909 8914 java.lang.OutOfMemoryError.<init>(java.lang.String)
8945 894f java.lang.StackOverflowError.<init>()
8953 895e java.lang.StackOverflowError.<init>(java.lang.String)
8d3c 8dda TurnUsingIR.main(java.lang.String[])
8e0e 8e24 java.io.OutputStream.write(byte[])
8e2e 8e2f java.io.OutputStream.flush()
8e34 8e52 java.io.OutputStream.write(byte[], int, int)
8e8d 8e97 java.io.FilterOutputStream.<init>(java.io.OutputStream)
8e9c 8ea5 java.io.FilterOutputStream.write(byte[])
8eaa 8eb3 java.io.FilterOutputStream.write(int)
8eb8 8ec0 java.io.FilterOutputStream.flush()
8ec5 8ed0 java.io.FilterOutputStream.write(byte[], int, int)
8f03 8f0e java.io.PrintStream.<init>(java.io.OutputStream)
8f13 8f1d java.io.PrintStream.println(java.lang.String)
8f2a 8f41 java.io.PrintStream.print(java.lang.String)
8f4e 8f68 java.io.PrintStream.println()
8fa2 8fb1 com.ridgesoft.io.OutputStreamTee.<init>(java.io.OutputStream, java.io.OutputStream)
8fc5 8fde com.ridgesoft.io.OutputStreamTee.write(byte[])
8ff2 900b com.ridgesoft.io.OutputStreamTee.write(int)
901f 9036 com.ridgesoft.io.OutputStreamTee.flush()
904a 9067 com.ridgesoft.io.OutputStreamTee.write(byte[], int, int)
90b6 9119 com.ridgesoft.io.DisplayOutputStream.<init>(com.ridgesoft.io.Display)
911d 912a com.ridgesoft.io.DisplayOutputStream.<clinit>()
912f 9138 com.ridgesoft.io.DisplayOutputStream.write(byte[])
913d 918a com.ridgesoft.io.DisplayOutputStream.write(int)
918f 91bb com.ridgesoft.io.DisplayOutputStream.flush()
91c0 91cc com.ridgesoft.io.DisplayOutputStream.write(byte[], int, int)
91d0 924e com.ridgesoft.io.DisplayOutputStream.scroll()
9297 929c com.ridgesoft.vm.DebugOutputStream.<clinit>()
92a1 92aa com.ridgesoft.vm.DebugOutputStream.write(byte[])
92af 92f8 com.ridgesoft.vm.DebugOutputStream.write(int)
9305 9326 com.ridgesoft.vm.DebugOutputStream.flush()
932b 9337 com.ridgesoft.vm.DebugOutputStream.write(byte[], int, int)
935a 935e com.ridgesoft.vm.VM.getDebugOutputStream()
936c 937b com.ridgesoft.vm.VM.<clinit>()
9389 9398 com.ridgesoft.vm.VM.isSet(int, int)
93e8 93ff com.ridgesoft.intellibrain.IntelliBrain.getOutputStream()
9403 9417 com.ridgesoft.intellibrain.IntelliBrain.getLcdDisplay()
941b 9490 com.ridgesoft.intellibrain.IntelliBrain.getAnalogInput(int)
9494 94d7 com.ridgesoft.intellibrain.IntelliBrain.getServo(int)
94db 9596 com.ridgesoft.intellibrain.IntelliBrain.getPinPortData(byte)
959a 95a1 com.ridgesoft.intellibrain.IntelliBrain.<clinit>()
95ad 9653 com.ridgesoft.intellibrain.IntelliBrain.initialize()
9684 9689 java.lang.System.setOut(java.io.PrintStream)
968d 9692 java.lang.System.setErr(java.io.PrintStream)
9710 972e com.ridgesoft.robotics.ContinuousRotationServo.<init>(com.ridgesoft.robotics.Servo, boolean, int)
9733 97b0 com.ridgesoft.robotics.ContinuousRotationServo.setPower(int)
97f6 9800 com.ridgesoft.io.Display.print(int, java.lang.String)
9805 9839 com.ridgesoft.io.Display.print(int, byte[])
983e 9843 com.ridgesoft.io.Display.getWidth()
9848 984d com.ridgesoft.io.Display.getHeight()
9851 9862 com.ridgesoft.io.Display.<init>(int, int)
989c 98a4 com.ridgesoft.intellibrain.IntelliBrainDisplay.<init>()
98a9 98b0 com.ridgesoft.intellibrain.IntelliBrainDisplay.printChar(int, int, byte)
98db 98e0 java.lang.Class.getName()
98e4 98ee java.lang.Class.<init>(java.lang.String)
9940 995b java.lang.StringBuilder.<init>(java.lang.String)
9960 9989 java.lang.StringBuilder.append(java.lang.String)
998e 999f java.lang.StringBuilder.toString()
99a4 99dd java.lang.StringBuilder.ensureCapacity(int)
99e2 9a3d java.lang.StringBuilder.append(int)
9a42 9a6f java.lang.StringBuilder.append(char[], int, int)
9a73 9a85 java.lang.StringBuilder.<init>()
9aac 9af0 java.lang.Integer.toHexString(int)
9af5 9afd java.lang.Integer.toString()
9b01 9b10 java.lang.Integer.toString(int)
9b45 9b54 com.ridgesoft.intellibrain.IntelliBrainPinPort.<init>(com.ridgesoft.intellibrain.IntelliBrainPinPortData)
9b59 9b8a com.ridgesoft.intellibrain.IntelliBrainPinPort.setPullUp(boolean)
9bd0 9bdb com.ridgesoft.intellibrain.IntelliBrainAnalogInput.sample()
9bdf 9be6 com.ridgesoft.intellibrain.IntelliBrainAnalogInput.<clinit>()
9bea 9c0e com.ridgesoft.intellibrain.IntelliBrainAnalogInput.sample(byte)
9c12 9c1b com.ridgesoft.intellibrain.IntelliBrainAnalogInput.enableAToD()
9c20 9c28 com.ridgesoft.intellibrain.IntelliBrainAnalogInput.toString()
9c73 9c88 com.ridgesoft.intellibrain.IntelliBrainExpAnalogInput.<init>(com.ridgesoft.intellibrain.IntelliBrainPinPortData, byte, boolean)
9c8d 9c92 com.ridgesoft.intellibrain.IntelliBrainExpAnalogInput.sample()
9c96 9cb7 com.ridgesoft.intellibrain.IntelliBrainExpAnalogInput.expansionSample(com.ridgesoft.intellibrain.IntelliBrainExpAnalogInput)
9cc0 9cc6 com.ridgesoft.intellibrain.IntelliBrainExpAnalogInput.setMuxPortPullUp(boolean)
9ccb 9ce4 com.ridgesoft.intellibrain.IntelliBrainExpAnalogInput.setPullUp(boolean)
9d55 9d60 com.ridgesoft.intellibrain.IntelliBrainServo.<init>(int)
9d65 9d6e com.ridgesoft.intellibrain.IntelliBrainServo.off()
9d73 9d7c com.ridgesoft.intellibrain.IntelliBrainServo.setPosition(int)
9e20 9e40 com.ridgesoft.intellibrain.IntelliBrainPinPortData.<init>(byte, short, short, short, byte)
