Load Map - Fri Nov 16 19:59:35 EST 2012

Main class:       SonarSensor
Classes:          51
Interfaces:       2
Methods:          112
Constants:        69
Instance fields:  76
Static fields:    21
Static data size: 95
Code size:        6018
Start address:    8000
End address:      9781

80d6 80d7 java.lang.Object.<init>()
80dc 80ef java.lang.Object.getClass()
80f9 810d java.lang.Object.clone()
8117 813b java.lang.Object.toString()
8222 8233 java.lang.Thread.run()
8238 823e java.lang.Thread.setName(java.lang.String)
8242 826d java.lang.Thread.sleep(long)
8271 8276 java.lang.Thread.<clinit>()
8284 828a java.lang.Thread.<init>()
828e 82a6 java.lang.Thread.<init>(java.lang.Runnable)
82aa 82c9 java.lang.Thread.<init>(java.lang.Runnable, java.lang.String)
82d3 8303 java.lang.Thread.toString()
830d 8312 java.lang.Thread.getName()
836c 83ab com.ridgesoft.intellibrain.StartupThread.run()
83f7 8401 java.lang.String.createString(byte[])
8405 8414 java.lang.String.<init>(byte[], int)
8418 8429 java.lang.String.<init>()
842d 8442 java.lang.String.<init>(byte[])
8447 8452 java.lang.String.getBytes()
8457 845d java.lang.String.length()
8462 8484 java.lang.String.getBytes(int, int, byte[], int)
8488 84b8 java.lang.String.<init>(char[], int, int)
84bc 84e6 java.lang.String.<init>(byte[], int, int)
84ea 84ef java.lang.String.valueOf(java.lang.Object)
84f4 84f6 java.lang.String.toString()
858a 8688 java.lang.Throwable.vmThrow(int)
8694 86b9 java.lang.Throwable.<init>()
86c6 876b java.lang.Throwable.printStackTrace()
876f 8796 java.lang.Throwable.<clinit>()
879f 87a7 java.lang.Throwable.init()
87b3 87f5 java.lang.Throwable.<init>(java.lang.String)
889b 88a5 java.lang.InternalError.<init>()
88a9 88b4 java.lang.InternalError.<init>(java.lang.String)
88e3 88ed java.lang.OutOfMemoryError.<init>()
88f1 88fc java.lang.OutOfMemoryError.<init>(java.lang.String)
892d 8937 java.lang.StackOverflowError.<init>()
893b 8946 java.lang.StackOverflowError.<init>(java.lang.String)
8cf4 8cf5 SonarSensor.main(java.lang.String[])
8d29 8d3f java.io.OutputStream.write(byte[])
8d49 8d4a java.io.OutputStream.flush()
8d4f 8d6d java.io.OutputStream.write(byte[], int, int)
8da8 8db2 java.io.FilterOutputStream.<init>(java.io.OutputStream)
8db7 8dc0 java.io.FilterOutputStream.write(byte[])
8dc5 8dce java.io.FilterOutputStream.write(int)
8dd3 8ddb java.io.FilterOutputStream.flush()
8de0 8deb java.io.FilterOutputStream.write(byte[], int, int)
8e1e 8e29 java.io.PrintStream.<init>(java.io.OutputStream)
8e2e 8e38 java.io.PrintStream.println(java.lang.String)
8e45 8e5c java.io.PrintStream.print(java.lang.String)
8e69 8e83 java.io.PrintStream.println()
8ebd 8ecc com.ridgesoft.io.OutputStreamTee.<init>(java.io.OutputStream, java.io.OutputStream)
8ee0 8ef9 com.ridgesoft.io.OutputStreamTee.write(byte[])
8f0d 8f26 com.ridgesoft.io.OutputStreamTee.write(int)
8f3a 8f51 com.ridgesoft.io.OutputStreamTee.flush()
8f65 8f82 com.ridgesoft.io.OutputStreamTee.write(byte[], int, int)
8fd1 9034 com.ridgesoft.io.DisplayOutputStream.<init>(com.ridgesoft.io.Display)
9038 9045 com.ridgesoft.io.DisplayOutputStream.<clinit>()
904a 9053 com.ridgesoft.io.DisplayOutputStream.write(byte[])
9058 90a5 com.ridgesoft.io.DisplayOutputStream.write(int)
90aa 90d6 com.ridgesoft.io.DisplayOutputStream.flush()
90db 90e7 com.ridgesoft.io.DisplayOutputStream.write(byte[], int, int)
90eb 9169 com.ridgesoft.io.DisplayOutputStream.scroll()
91b2 91b7 com.ridgesoft.vm.DebugOutputStream.<clinit>()
91bc 91c5 com.ridgesoft.vm.DebugOutputStream.write(byte[])
91ca 9213 com.ridgesoft.vm.DebugOutputStream.write(int)
9220 9241 com.ridgesoft.vm.DebugOutputStream.flush()
9246 9252 com.ridgesoft.vm.DebugOutputStream.write(byte[], int, int)
9275 9279 com.ridgesoft.vm.VM.getDebugOutputStream()
9287 9296 com.ridgesoft.vm.VM.<clinit>()
92d1 92e8 com.ridgesoft.intellibrain.IntelliBrain.getOutputStream()
92ec 9300 com.ridgesoft.intellibrain.IntelliBrain.getLcdDisplay()
9304 930b com.ridgesoft.intellibrain.IntelliBrain.<clinit>()
9317 93bd com.ridgesoft.intellibrain.IntelliBrain.initialize()
93ee 93f3 java.lang.System.setOut(java.io.PrintStream)
93f7 93fc java.lang.System.setErr(java.io.PrintStream)
944b 9450 java.lang.Class.getName()
9454 945e java.lang.Class.<init>(java.lang.String)
94b0 94cb java.lang.StringBuilder.<init>(java.lang.String)
94d0 94f9 java.lang.StringBuilder.append(java.lang.String)
94fe 950f java.lang.StringBuilder.toString()
9514 954d java.lang.StringBuilder.ensureCapacity(int)
9552 95ad java.lang.StringBuilder.append(int)
95b2 95df java.lang.StringBuilder.append(char[], int, int)
95e3 95f5 java.lang.StringBuilder.<init>()
961c 9660 java.lang.Integer.toHexString(int)
9665 966d java.lang.Integer.toString()
9671 9680 java.lang.Integer.toString(int)
96b3 96b8 com.ridgesoft.io.Display.getWidth()
96bd 96c2 com.ridgesoft.io.Display.getHeight()
96c6 96d7 com.ridgesoft.io.Display.<init>(int, int)
96dc 9710 com.ridgesoft.io.Display.print(int, byte[])
974a 9752 com.ridgesoft.intellibrain.IntelliBrainDisplay.<init>()
9757 975e com.ridgesoft.intellibrain.IntelliBrainDisplay.printChar(int, int, byte)
