Load Map - Fri Nov 16 20:59:17 EST 2012

Main class:       SonarSensor
Classes:          60
Interfaces:       2
Methods:          154
Constants:        112
Instance fields:  95
Static fields:    28
Static data size: 130
Code size:        8890
Start address:    8000
End address:      a2b9

80e8 80e9 java.lang.Object.<init>()
80ee 8101 java.lang.Object.getClass()
810b 811f java.lang.Object.clone()
8129 814d java.lang.Object.toString()
8234 8245 java.lang.Thread.run()
824a 8250 java.lang.Thread.setName(java.lang.String)
8254 827f java.lang.Thread.sleep(long)
8283 8288 java.lang.Thread.<clinit>()
8296 829c java.lang.Thread.<init>()
82a5 82bd java.lang.Thread.<init>(java.lang.Runnable)
82c1 82e0 java.lang.Thread.<init>(java.lang.Runnable, java.lang.String)
82ea 831a java.lang.Thread.toString()
831f 8324 java.lang.Thread.getName()
837e 83bd com.ridgesoft.intellibrain.StartupThread.run()
8409 8413 java.lang.String.createString(byte[])
8417 8426 java.lang.String.<init>(byte[], int)
842b 8436 java.lang.String.getBytes()
843a 8464 java.lang.String.<init>(byte[], int, int)
8468 8479 java.lang.String.<init>()
847d 8492 java.lang.String.<init>(byte[])
8497 849d java.lang.String.length()
84a2 84c4 java.lang.String.getBytes(int, int, byte[], int)
84c8 84f8 java.lang.String.<init>(char[], int, int)
84fc 8501 java.lang.String.valueOf(java.lang.Object)
8506 8508 java.lang.String.toString()
859c 869a java.lang.Throwable.vmThrow(int)
86a6 86cb java.lang.Throwable.<init>()
86d8 877d java.lang.Throwable.printStackTrace()
8781 87a8 java.lang.Throwable.<clinit>()
87b1 87b9 java.lang.Throwable.init()
87c5 8807 java.lang.Throwable.<init>(java.lang.String)
88ad 88b7 java.lang.InternalError.<init>()
88bb 88c6 java.lang.InternalError.<init>(java.lang.String)
88f5 88ff java.lang.OutOfMemoryError.<init>()
8903 890e java.lang.OutOfMemoryError.<init>(java.lang.String)
893f 8949 java.lang.StackOverflowError.<init>()
894d 8958 java.lang.StackOverflowError.<init>(java.lang.String)
8d26 8d6b SonarSensor.main(java.lang.String[])
8d9f 8db5 java.io.OutputStream.write(byte[])
8dbf 8dc0 java.io.OutputStream.flush()
8dc5 8de3 java.io.OutputStream.write(byte[], int, int)
8e1e 8e28 java.io.FilterOutputStream.<init>(java.io.OutputStream)
8e2d 8e36 java.io.FilterOutputStream.write(byte[])
8e3b 8e44 java.io.FilterOutputStream.write(int)
8e49 8e51 java.io.FilterOutputStream.flush()
8e56 8e61 java.io.FilterOutputStream.write(byte[], int, int)
8e94 8e9f java.io.PrintStream.<init>(java.io.OutputStream)
8ea4 8eae java.io.PrintStream.println(java.lang.String)
8ebb 8ed2 java.io.PrintStream.print(java.lang.String)
8edf 8ef9 java.io.PrintStream.println()
8f33 8f42 com.ridgesoft.io.OutputStreamTee.<init>(java.io.OutputStream, java.io.OutputStream)
8f56 8f6f com.ridgesoft.io.OutputStreamTee.write(byte[])
8f83 8f9c com.ridgesoft.io.OutputStreamTee.write(int)
8fb0 8fc7 com.ridgesoft.io.OutputStreamTee.flush()
8fdb 8ff8 com.ridgesoft.io.OutputStreamTee.write(byte[], int, int)
9047 90aa com.ridgesoft.io.DisplayOutputStream.<init>(com.ridgesoft.io.Display)
90ae 90bb com.ridgesoft.io.DisplayOutputStream.<clinit>()
90c0 90c9 com.ridgesoft.io.DisplayOutputStream.write(byte[])
90ce 911b com.ridgesoft.io.DisplayOutputStream.write(int)
9120 914c com.ridgesoft.io.DisplayOutputStream.flush()
9151 915d com.ridgesoft.io.DisplayOutputStream.write(byte[], int, int)
9161 91df com.ridgesoft.io.DisplayOutputStream.scroll()
9228 922d com.ridgesoft.vm.DebugOutputStream.<clinit>()
9232 923b com.ridgesoft.vm.DebugOutputStream.write(byte[])
9240 9289 com.ridgesoft.vm.DebugOutputStream.write(int)
9296 92b7 com.ridgesoft.vm.DebugOutputStream.flush()
92bc 92c8 com.ridgesoft.vm.DebugOutputStream.write(byte[], int, int)
92eb 92ef com.ridgesoft.vm.VM.getDebugOutputStream()
92fd 930c com.ridgesoft.vm.VM.<clinit>()
9315 9324 com.ridgesoft.vm.VM.isSet(int, int)
9362 9379 com.ridgesoft.intellibrain.IntelliBrain.getOutputStream()
937d 9391 com.ridgesoft.intellibrain.IntelliBrain.getLcdDisplay()
9395 942a com.ridgesoft.intellibrain.IntelliBrain.getDigitalIO(int)
942e 94e9 com.ridgesoft.intellibrain.IntelliBrain.getPinPortData(byte)
94ed 94f4 com.ridgesoft.intellibrain.IntelliBrain.<clinit>()
9500 95a6 com.ridgesoft.intellibrain.IntelliBrain.initialize()
95d7 95dc java.lang.System.setOut(java.io.PrintStream)
95e0 95e5 java.lang.System.setErr(java.io.PrintStream)
9640 964f com.ridgesoft.intellibrain.IntelliBrainPinPort.<init>(com.ridgesoft.intellibrain.IntelliBrainPinPortData)
96bb 96f4 com.ridgesoft.intellibrain.IntelliBrainDigitalIO.enablePulseMeasurement(boolean)
96f9 9724 com.ridgesoft.intellibrain.IntelliBrainDigitalIO.pulse(int)
9729 973e com.ridgesoft.intellibrain.IntelliBrainDigitalIO.readPulseDuration()
9742 9752 com.ridgesoft.intellibrain.IntelliBrainDigitalIO.<init>(com.ridgesoft.intellibrain.IntelliBrainPinPortData, boolean)
9766 976e com.ridgesoft.intellibrain.IntelliBrainDigitalIO.toString()
9773 979e com.ridgesoft.intellibrain.IntelliBrainDigitalIO.isSet()
97db 97e7 com.ridgesoft.intellibrain.IntelliBrainExpDigitalIO.<init>(com.ridgesoft.intellibrain.IntelliBrainPinPortData)
981d 9827 com.ridgesoft.io.Display.print(int, java.lang.String)
982c 9860 com.ridgesoft.io.Display.print(int, byte[])
9865 986a com.ridgesoft.io.Display.getWidth()
986f 9874 com.ridgesoft.io.Display.getHeight()
9878 9889 com.ridgesoft.io.Display.<init>(int, int)
98c3 98cb com.ridgesoft.intellibrain.IntelliBrainDisplay.<init>()
98d0 98d7 com.ridgesoft.intellibrain.IntelliBrainDisplay.printChar(int, int, byte)
998a 99a5 java.lang.StringBuffer.<init>(java.lang.String)
99aa 99b1 java.lang.StringBuffer.append(double)
99b6 99c7 java.lang.StringBuffer.toString()
99cc 9aa3 java.lang.StringBuffer.append(float)
9aa7 9ab9 java.lang.StringBuffer.<init>()
9abe 9ae7 java.lang.StringBuffer.append(java.lang.String)
9aec 9b0a java.lang.StringBuffer.append(char)
9b0f 9b6a java.lang.StringBuffer.append(int)
9b6f 9ba8 java.lang.StringBuffer.ensureCapacity(int)
9bad 9bda java.lang.StringBuffer.append(char[], int, int)
9c00 9c05 java.lang.Class.getName()
9c09 9c13 java.lang.Class.<init>(java.lang.String)
9cd5 9cf0 java.lang.StringBuilder.<init>(java.lang.String)
9cf5 9d1e java.lang.StringBuilder.append(java.lang.String)
9d23 9d34 java.lang.StringBuilder.toString()
9d39 9d72 java.lang.StringBuilder.ensureCapacity(int)
9d77 9dd2 java.lang.StringBuilder.append(int)
9dd7 9e04 java.lang.StringBuilder.append(char[], int, int)
9e08 9e1a java.lang.StringBuilder.<init>()
9e1f 9e31 java.lang.StringBuilder.append(boolean)
9e36 9f0d java.lang.StringBuilder.append(float)
9f12 9f30 java.lang.StringBuilder.append(char)
9f57 9f9b java.lang.Integer.toHexString(int)
9fa0 9fa8 java.lang.Integer.toString()
9fac 9fbb java.lang.Integer.toString(int)
a02a a04a com.ridgesoft.intellibrain.IntelliBrainPinPortData.<init>(byte, short, short, short, byte)
a0c1 a0d1 java.lang.Float.isNaN(float)
a0d5 a0e5 java.lang.Float.isInfinite(float)
a0ee a116 java.lang.Float.<clinit>()
a11b a122 java.lang.Float.toString()
a12b a13a java.lang.Float.toString(float)
a17a a203 java.lang.Math.log(double)
a207 a211 java.lang.Math.pow(double, double)
a215 a277 java.lang.Math.exp(double)
a29e a2ad java.lang.Boolean.toString(boolean)
a2b2 a2ba java.lang.Boolean.toString()
