Load Map - Fri Nov 16 19:52:51 EST 2012

Main class:       MoveForward
Classes:          55
Interfaces:       5
Methods:          124
Constants:        73
Instance fields:  82
Static fields:    22
Static data size: 104
Code size:        6674
Start address:    8000
End address:      9a11

80e4 80e5 java.lang.Object.<init>()
80ea 80fd java.lang.Object.getClass()
8107 811b java.lang.Object.clone()
8125 8149 java.lang.Object.toString()
8230 8241 java.lang.Thread.run()
8246 824c java.lang.Thread.setName(java.lang.String)
8250 827b java.lang.Thread.sleep(long)
827f 8284 java.lang.Thread.<clinit>()
8292 8298 java.lang.Thread.<init>()
829c 82b4 java.lang.Thread.<init>(java.lang.Runnable)
82b8 82d7 java.lang.Thread.<init>(java.lang.Runnable, java.lang.String)
82e1 8311 java.lang.Thread.toString()
831b 8320 java.lang.Thread.getName()
837a 83b9 com.ridgesoft.intellibrain.StartupThread.run()
8405 840f java.lang.String.createString(byte[])
8413 8422 java.lang.String.<init>(byte[], int)
8426 8437 java.lang.String.<init>()
843b 8450 java.lang.String.<init>(byte[])
8455 8460 java.lang.String.getBytes()
8465 846b java.lang.String.length()
8470 8492 java.lang.String.getBytes(int, int, byte[], int)
8496 84c6 java.lang.String.<init>(char[], int, int)
84ca 84f4 java.lang.String.<init>(byte[], int, int)
84f8 84fd java.lang.String.valueOf(java.lang.Object)
8502 8504 java.lang.String.toString()
8598 8696 java.lang.Throwable.vmThrow(int)
86a2 86c7 java.lang.Throwable.<init>()
86d4 8779 java.lang.Throwable.printStackTrace()
877d 87a4 java.lang.Throwable.<clinit>()
87ad 87b5 java.lang.Throwable.init()
87c1 8803 java.lang.Throwable.<init>(java.lang.String)
88a9 88b3 java.lang.InternalError.<init>()
88b7 88c2 java.lang.InternalError.<init>(java.lang.String)
88f1 88fb java.lang.OutOfMemoryError.<init>()
88ff 890a java.lang.OutOfMemoryError.<init>(java.lang.String)
893b 8945 java.lang.StackOverflowError.<init>()
8949 8954 java.lang.StackOverflowError.<init>(java.lang.String)
8d02 8d33 MoveForward.MoveForward.main(java.lang.String[])
8d67 8d7d java.io.OutputStream.write(byte[])
8d87 8d88 java.io.OutputStream.flush()
8d8d 8dab java.io.OutputStream.write(byte[], int, int)
8de6 8df0 java.io.FilterOutputStream.<init>(java.io.OutputStream)
8df5 8dfe java.io.FilterOutputStream.write(byte[])
8e03 8e0c java.io.FilterOutputStream.write(int)
8e11 8e19 java.io.FilterOutputStream.flush()
8e1e 8e29 java.io.FilterOutputStream.write(byte[], int, int)
8e5c 8e67 java.io.PrintStream.<init>(java.io.OutputStream)
8e6c 8e76 java.io.PrintStream.println(java.lang.String)
8e83 8e9a java.io.PrintStream.print(java.lang.String)
8ea7 8ec1 java.io.PrintStream.println()
8efb 8f0a com.ridgesoft.io.OutputStreamTee.<init>(java.io.OutputStream, java.io.OutputStream)
8f1e 8f37 com.ridgesoft.io.OutputStreamTee.write(byte[])
8f4b 8f64 com.ridgesoft.io.OutputStreamTee.write(int)
8f78 8f8f com.ridgesoft.io.OutputStreamTee.flush()
8fa3 8fc0 com.ridgesoft.io.OutputStreamTee.write(byte[], int, int)
900f 9072 com.ridgesoft.io.DisplayOutputStream.<init>(com.ridgesoft.io.Display)
9076 9083 com.ridgesoft.io.DisplayOutputStream.<clinit>()
9088 9091 com.ridgesoft.io.DisplayOutputStream.write(byte[])
9096 90e3 com.ridgesoft.io.DisplayOutputStream.write(int)
90e8 9114 com.ridgesoft.io.DisplayOutputStream.flush()
9119 9125 com.ridgesoft.io.DisplayOutputStream.write(byte[], int, int)
9129 91a7 com.ridgesoft.io.DisplayOutputStream.scroll()
91f0 91f5 com.ridgesoft.vm.DebugOutputStream.<clinit>()
91fa 9203 com.ridgesoft.vm.DebugOutputStream.write(byte[])
9208 9251 com.ridgesoft.vm.DebugOutputStream.write(int)
925e 927f com.ridgesoft.vm.DebugOutputStream.flush()
9284 9290 com.ridgesoft.vm.DebugOutputStream.write(byte[], int, int)
92b3 92b7 com.ridgesoft.vm.VM.getDebugOutputStream()
92c5 92d4 com.ridgesoft.vm.VM.<clinit>()
9312 9329 com.ridgesoft.intellibrain.IntelliBrain.getOutputStream()
932d 9370 com.ridgesoft.intellibrain.IntelliBrain.getServo(int)
9374 9388 com.ridgesoft.intellibrain.IntelliBrain.getLcdDisplay()
938c 9393 com.ridgesoft.intellibrain.IntelliBrain.<clinit>()
939f 9445 com.ridgesoft.intellibrain.IntelliBrain.initialize()
9476 947b java.lang.System.setOut(java.io.PrintStream)
947f 9484 java.lang.System.setErr(java.io.PrintStream)
94d3 9504 MoveForward.MoveForward.main(java.lang.String[])
9549 9567 com.ridgesoft.robotics.ContinuousRotationServo.<init>(com.ridgesoft.robotics.Servo, boolean, int)
956c 95e9 com.ridgesoft.robotics.ContinuousRotationServo.setPower(int)
961f 9624 java.lang.Class.getName()
9628 9632 java.lang.Class.<init>(java.lang.String)
9684 969f java.lang.StringBuilder.<init>(java.lang.String)
96a4 96cd java.lang.StringBuilder.append(java.lang.String)
96d2 96e3 java.lang.StringBuilder.toString()
96e8 9721 java.lang.StringBuilder.ensureCapacity(int)
9726 9781 java.lang.StringBuilder.append(int)
9786 97b3 java.lang.StringBuilder.append(char[], int, int)
97b7 97c9 java.lang.StringBuilder.<init>()
97f0 9834 java.lang.Integer.toHexString(int)
9839 9841 java.lang.Integer.toString()
9845 9854 java.lang.Integer.toString(int)
9890 989b com.ridgesoft.intellibrain.IntelliBrainServo.<init>(int)
98a0 98a9 com.ridgesoft.intellibrain.IntelliBrainServo.off()
98ae 98b7 com.ridgesoft.intellibrain.IntelliBrainServo.setPosition(int)
9933 9938 com.ridgesoft.io.Display.getWidth()
993d 9942 com.ridgesoft.io.Display.getHeight()
9946 9957 com.ridgesoft.io.Display.<init>(int, int)
995c 9990 com.ridgesoft.io.Display.print(int, byte[])
99ca 99d2 com.ridgesoft.intellibrain.IntelliBrainDisplay.<init>()
99d7 99de com.ridgesoft.intellibrain.IntelliBrainDisplay.printChar(int, int, byte)
